[2024-08-24 00:10:08] Test
